// Jest Snapshot v1, https://goo.gl/fbAQLP

exports[`Deck should match the snapshot 1`] = `undefined`;
