// Jest Snapshot v1, https://goo.gl/fbAQLP

exports[`WishListItem should match the snapshot 1`] = `
<li
  id={0}
>
  Blood Moon
  <i
    className="far fa-trash-alt"
    onClick={[Function]}
  />
</li>
`;
